MouseArmTransformer-0.2.0/
MouseArmTransformer-0.2.0/MouseArmTransformer/
MouseArmTransformer-0.2.0/MouseArmTransformer/criterion.py
MouseArmTransformer-0.2.0/MouseArmTransformer/data.py
MouseArmTransformer-0.2.0/MouseArmTransformer.egg-info/
MouseArmTransformer-0.2.0/MouseArmTransformer.egg-info/dependency_links.txt
MouseArmTransformer-0.2.0/MouseArmTransformer.egg-info/PKG-INFO
MouseArmTransformer-0.2.0/MouseArmTransformer.egg-info/requires.txt
MouseArmTransformer-0.2.0/MouseArmTransformer.egg-info/SOURCES.txt
MouseArmTransformer-0.2.0/MouseArmTransformer.egg-info/top_level.txt
MouseArmTransformer-0.2.0/MouseArmTransformer/helper.py
MouseArmTransformer-0.2.0/MouseArmTransformer/inference.py
MouseArmTransformer-0.2.0/MouseArmTransformer/__init__.py
MouseArmTransformer-0.2.0/MouseArmTransformer/__main__.py
MouseArmTransformer-0.2.0/MouseArmTransformer/model.py
MouseArmTransformer-0.2.0/MouseArmTransformer/training.py
MouseArmTransformer-0.2.0/MouseArmTransformer/weights/
MouseArmTransformer-0.2.0/MouseArmTransformer/weights/weights_9_loss0.026_seq7_cutoff0.99_lossweights[1, 25.0, 1.0]_smoothing5.pt
MouseArmTransformer-0.2.0/MANIFEST.in
MouseArmTransformer-0.2.0/PKG-INFO
MouseArmTransformer-0.2.0/pyproject.toml
MouseArmTransformer-0.2.0/README.md
MouseArmTransformer-0.2.0/setup.cfg
MouseArmTransformer-0.2.0/tests/
MouseArmTransformer-0.2.0/tests/test_inference.py
