lifting_transformer-0.2.0/
lifting_transformer-0.2.0/lifting_transformer/
lifting_transformer-0.2.0/lifting_transformer/criterion.py
lifting_transformer-0.2.0/lifting_transformer/data.py
lifting_transformer-0.2.0/lifting_transformer.egg-info/
lifting_transformer-0.2.0/lifting_transformer.egg-info/dependency_links.txt
lifting_transformer-0.2.0/lifting_transformer.egg-info/PKG-INFO
lifting_transformer-0.2.0/lifting_transformer.egg-info/requires.txt
lifting_transformer-0.2.0/lifting_transformer.egg-info/SOURCES.txt
lifting_transformer-0.2.0/lifting_transformer.egg-info/top_level.txt
lifting_transformer-0.2.0/lifting_transformer/helper.py
lifting_transformer-0.2.0/lifting_transformer/inference.py
lifting_transformer-0.2.0/lifting_transformer/__init__.py
lifting_transformer-0.2.0/lifting_transformer/__main__.py
lifting_transformer-0.2.0/lifting_transformer/model.py
lifting_transformer-0.2.0/lifting_transformer/training.py
lifting_transformer-0.2.0/lifting_transformer/weights/
lifting_transformer-0.2.0/lifting_transformer/weights/weights_9_loss0.026_seq7_cutoff0.99_lossweights[1, 25.0, 1.0]_smoothing5.pt
lifting_transformer-0.2.0/MANIFEST.in
lifting_transformer-0.2.0/PKG-INFO
lifting_transformer-0.2.0/pyproject.toml
lifting_transformer-0.2.0/README.md
lifting_transformer-0.2.0/setup.cfg
lifting_transformer-0.2.0/tests/
lifting_transformer-0.2.0/tests/test_inference.py
